
> yquantum@1.0.0 build
> next build

  Γû▓ Next.js 14.2.33

   Creating an optimized production build ...
node.exe : Failed to 
compile.
At C:\Program Files\n
odejs\npm.ps1:29 
char:3
+   & $NODE_EXE 
$NPM_CLI_JS $args
+   ~~~~~~~~~~~~~~~~~
~~~~~~~~~~~~
    + CategoryInfo   
           : NotSpe  
  cified: (Failed    
 to compile.:Stri    
ng) [], RemoteEx    
ception
    + FullyQualified 
   ErrorId : Native  
  CommandError
 

./app/2024/page.tsx
Module not found: 
Can't resolve '../com
ponents/SponsorsGrid'

https://nextjs.org/do
cs/messages/module-no
t-found

./app/2025/page.tsx
Module not found: 
Can't resolve '../com
ponents/SponsorsGrid'

https://nextjs.org/do
cs/messages/module-no
t-found


> Build failed 
because of webpack 
errors
